<!DOCTYPE html PUBLIC "-//W3C//DTD HTML 4.01//EN">
<html>
<head>
<meta charset="iso-8859-1">
<title>xsl:function</title>
</head>
<body><p><tt>xsl:function</tt> not supported, but properly handled (ignored)</p></body>
</html>
