<?xml version="1.0"?>
<div xmlns="http://www.w3.org/1999/xhtml"/>
