<?xml version="1.0" encoding="UTF-8"?>
<results>
  <format f="٠١">
    <value v="0">٠٠</value>
    <value v="9">٠٩</value>
    <value v="1234567890">١٢٣٤٥٦٧٨٩٠</value>
  </format>
  <format f="۰۱">
    <value v="0">۰۰</value>
    <value v="9">۰۹</value>
    <value v="1234567890">۱۲۳۴۵۶۷۸۹۰</value>
  </format>
  <format f="०१">
    <value v="0">००</value>
    <value v="9">०९</value>
    <value v="1234567890">१२३४५६७८९०</value>
  </format>
  <format f="০১">
    <value v="0">০০</value>
    <value v="9">০৯</value>
    <value v="1234567890">১২৩৪৫৬৭৮৯০</value>
  </format>
  <format f="੦੧">
    <value v="0">੦੦</value>
    <value v="9">੦੯</value>
    <value v="1234567890">੧੨੩੪੫੬੭੮੯੦</value>
  </format>
  <format f="૦૧">
    <value v="0">૦૦</value>
    <value v="9">૦૯</value>
    <value v="1234567890">૧૨૩૪૫૬૭૮૯૦</value>
  </format>
  <format f="୦୧">
    <value v="0">୦୦</value>
    <value v="9">୦୯</value>
    <value v="1234567890">୧୨୩୪୫୬୭୮୯୦</value>
  </format>
  <format f="౦౧">
    <value v="0">౦౦</value>
    <value v="9">౦౯</value>
    <value v="1234567890">౧౨౩౪౫౬౭౮౯౦</value>
  </format>
  <format f="೦೧">
    <value v="0">೦೦</value>
    <value v="9">೦೯</value>
    <value v="1234567890">೧೨೩೪೫೬೭೮೯೦</value>
  </format>
  <format f="൦൧">
    <value v="0">൦൦</value>
    <value v="9">൦൯</value>
    <value v="1234567890">൧൨൩൪൫൬൭൮൯൦</value>
  </format>
  <format f="๐๑">
    <value v="0">๐๐</value>
    <value v="9">๐๙</value>
    <value v="1234567890">๑๒๓๔๕๖๗๘๙๐</value>
  </format>
  <format f="໐໑">
    <value v="0">໐໐</value>
    <value v="9">໐໙</value>
    <value v="1234567890">໑໒໓໔໕໖໗໘໙໐</value>
  </format>
  <format f="༠༡">
    <value v="0">༠༠</value>
    <value v="9">༠༩</value>
    <value v="1234567890">༡༢༣༤༥༦༧༨༩༠</value>
  </format>
</results>
