<?xml version="1.0"?>
<result>
id1
id2
id3
id4
id5
id6
</result>
