<html>
<head>
<meta charset="UTF-8">
<title>Customers</title>
</head>
<body><table><tbody>
<tr>
<th>...</th>
<td>...</td>
<td>...</td>
</tr>
<tr>
<th>...</th>
<td>...</td>
<td>...</td>
</tr>
</tbody></table></body>
</html>
