<html>
<head>
<meta charset="UTF-8">
<title>XSLT 1.8 required</title>
</head>
<body><p>Sorry, this stylesheet requires XSLT 1.8.</p></body>
</html>
